   Compiling parking_lot v0.12.5
   Compiling schemars v1.0.4
   Compiling idna v1.1.0
   Compiling object v0.37.3
   Compiling rust-embed-utils v8.11.0
   Compiling serde_json_lenient v0.2.4
   Compiling tracing-subscriber v0.3.22
   Compiling zlog v0.1.0 (/Users/tgiap.dev/devs/zode/crates/zlog)
   Compiling cranelift-codegen v0.123.7
   Compiling toml_edit v0.22.27
   Compiling rust-embed v8.11.0
   Compiling url v2.5.7
   Compiling postage v0.5.0
   Compiling tokio v1.48.0
   Compiling gpui_shared_string v0.1.0 (/Users/tgiap.dev/devs/zode/crates/gpui_shared_string)
   Compiling util v0.1.0 (/Users/tgiap.dev/devs/zode/crates/util)
   Compiling git2 v0.20.4
   Compiling ztracing v0.1.0 (/Users/tgiap.dev/devs/zode/crates/ztracing)
   Compiling tungstenite v0.27.0
   Compiling sum_tree v0.1.0 (/Users/tgiap.dev/devs/zode/crates/sum_tree)
   Compiling num-bigint-dig v0.8.6
   Compiling toml v0.8.23
   Compiling lsp-types v0.95.1 (https://github.com/zed-industries/lsp-types?rev=f4dfa89a21ca35cd929b70354b1583fabae325f8#f4dfa89a)
   Compiling http_client v0.1.0 (/Users/tgiap.dev/devs/zode/crates/http_client)
   Compiling paths v0.1.0 (/Users/tgiap.dev/devs/zode/crates/paths)
   Compiling rope v0.1.0 (/Users/tgiap.dev/devs/zode/crates/rope)
   Compiling rsa v0.9.10
   Compiling backtrace v0.3.76
   Compiling wasmtime-environ v36.0.7
   Compiling scheduler v0.1.0 (/Users/tgiap.dev/devs/zode/crates/scheduler)
   Compiling text v0.1.0 (/Users/tgiap.dev/devs/zode/crates/text)
   Compiling watch v0.1.0 (/Users/tgiap.dev/devs/zode/crates/watch)
   Compiling gpui v0.2.2 (/Users/tgiap.dev/devs/zode/crates/gpui)
   Compiling tokio-rustls v0.26.2
   Compiling async-tungstenite v0.31.0
   Compiling env_var v0.1.0 (/Users/tgiap.dev/devs/zode/crates/env_var)
   Compiling sqlez v0.1.0 (/Users/tgiap.dev/devs/zode/crates/sqlez)
   Compiling zed_env_vars v0.1.0 (/Users/tgiap.dev/devs/zode/crates/zed_env_vars)
   Compiling tokio-socks v0.5.2
   Compiling telemetry_events v0.1.0 (/Users/tgiap.dev/devs/zode/crates/telemetry_events)
   Compiling cloud_api_types v0.1.0 (/Users/tgiap.dev/devs/zode/crates/cloud_api_types)
   Compiling telemetry v0.1.0 (/Users/tgiap.dev/devs/zode/crates/telemetry)
   Compiling tokio-native-tls v0.3.1
   Compiling node_runtime v0.1.0 (/Users/tgiap.dev/devs/zode/crates/node_runtime)
   Compiling string_cache v0.8.9
   Compiling dap-types v0.0.1 (https://github.com/zed-industries/dap-types?rev=1b461b310481d01e02b2603c16d7144b926339f8#1b461b31)
   Compiling wasmparser v0.221.3
   Compiling markup5ever v0.12.1
   Compiling alacritty_terminal v0.25.1 (https://github.com/zed-industries/alacritty?rev=9d9640d4#9d9640d4)
   Compiling html5ever v0.27.0
   Compiling xml5ever v0.18.1
   Compiling nucleo v0.5.0
   Compiling markup5ever_rcdom v0.3.0
   Compiling mermaid-rs-renderer v0.2.0 (https://github.com/zed-industries/mermaid-rs-renderer?rev=374db9ead5426697c6c2111151d9f246899bc638#374db9ea)
   Compiling pet-core v0.1.0 (https://github.com/microsoft/python-environment-tools.git?rev=9e61a22af989fe54937bf07c9f9cff1bc53d9056#9e61a22a)
   Compiling ahash v0.8.12
   Compiling symphonia-core v0.5.5
   Compiling hashbrown v0.14.5
   Compiling pet-python-utils v0.1.0 (https://github.com/microsoft/python-environment-tools.git?rev=9e61a22af989fe54937bf07c9f9cff1bc53d9056#9e61a22a)
   Compiling pet-jsonrpc v0.1.0 (https://github.com/microsoft/python-environment-tools.git?rev=9e61a22af989fe54937bf07c9f9cff1bc53d9056#9e61a22a)
   Compiling hashlink v0.8.4
   Compiling tokio-util v0.7.16
   Compiling pet-virtualenv v0.1.0 (https://github.com/microsoft/python-environment-tools.git?rev=9e61a22af989fe54937bf07c9f9cff1bc53d9056#9e61a22a)
   Compiling symphonia-metadata v0.5.5
   Compiling pet-reporter v0.1.0 (https://github.com/microsoft/python-environment-tools.git?rev=9e61a22af989fe54937bf07c9f9cff1bc53d9056#9e61a22a)
   Compiling yaml-rust2 v0.8.1
   Compiling symphonia-utils-xiph v0.5.5
   Compiling moka v0.12.11
   Compiling h2 v0.4.12
   Compiling safetensors v0.4.5
   Compiling pet-conda v0.1.0 (https://github.com/microsoft/python-environment-tools.git?rev=9e61a22af989fe54937bf07c9f9cff1bc53d9056#9e61a22a)
   Compiling symphonia-format-riff v0.5.5
   Compiling ug v0.4.0
   Compiling zip v1.1.4
   Compiling symphonia-bundle-flac v0.5.5
   Compiling symphonia-format-ogg v0.5.5
   Compiling symphonia-codec-vorbis v0.5.5
   Compiling symphonia-format-isomp4 v0.5.5
   Compiling symphonia-bundle-mp3 v0.5.5
   Compiling symphonia-codec-pcm v0.5.5
   Compiling symphonia-codec-aac v0.5.5
   Compiling hyper v1.7.0
   Compiling candle-core v0.9.1 (https://github.com/zed-industries/candle?branch=9.1-patched#724d75eb)
   Compiling symphonia v0.5.5
   Compiling tokio-stream v0.1.17
   Compiling jupyter-protocol v1.4.0
   Compiling hyper-util v0.1.17
   Compiling rodio v0.21.1 (https://github.com/RustAudio/rodio?rev=e50e726ddd0292f6ef9de0dda6b90af4ed1fb66a#e50e726d)
   Compiling cached v0.56.0
   Compiling livekit-runtime v0.4.0 (https://github.com/zed-industries/livekit-rust-sdks?rev=147fbca3d4b592d96d33f5e6a84b59fc0b5d9bf1#147fbca3)
   Compiling tower v0.5.2
   Compiling zed-font-kit v0.14.1-zed (https://github.com/zed-industries/font-kit?rev=94b0f28166665e8fd2f53ff6d268a14955c82269#94b0f281)
   Compiling brush-parser v0.3.0
   Compiling hyper-rustls v0.27.7
   Compiling heed-types v0.21.0
   Compiling cranelift-frontend v0.123.7
   Compiling cranelift-native v0.123.7
   Compiling wasmtime-internal-unwinder v36.0.7
   Compiling release_channel v0.1.0 (/Users/tgiap.dev/devs/zode/crates/release_channel)
   Compiling wasmtime-internal-cranelift v36.0.7
   Compiling askpass v0.1.0 (/Users/tgiap.dev/devs/zode/crates/askpass)
   Compiling syntax_theme v0.1.0 (/Users/tgiap.dev/devs/zode/crates/syntax_theme)
   Compiling lsp v0.1.0 (/Users/tgiap.dev/devs/zode/crates/lsp)
   Compiling git v0.1.0 (/Users/tgiap.dev/devs/zode/crates/git)
   Compiling theme v0.1.0 (/Users/tgiap.dev/devs/zode/crates/theme)
   Compiling zed_actions v0.1.0 (/Users/tgiap.dev/devs/zode/crates/zed_actions)
   Compiling fuzzy v0.1.0 (/Users/tgiap.dev/devs/zode/crates/fuzzy)
   Compiling rpc v0.1.0 (/Users/tgiap.dev/devs/zode/crates/rpc)
   Compiling wasmtime v36.0.7
   Compiling fs v0.1.0 (/Users/tgiap.dev/devs/zode/crates/fs)
   Compiling task v0.1.0 (/Users/tgiap.dev/devs/zode/crates/task)
   Compiling db v0.1.0 (/Users/tgiap.dev/devs/zode/crates/db)
   Compiling credentials_provider v0.1.0 (/Users/tgiap.dev/devs/zode/crates/credentials_provider)
   Compiling zed_credentials_provider v0.1.0 (/Users/tgiap.dev/devs/zode/crates/zed_credentials_provider)
   Compiling gpui_tokio v0.1.0 (/Users/tgiap.dev/devs/zode/crates/gpui_tokio)
   Compiling component v0.1.0 (/Users/tgiap.dev/devs/zode/crates/component)
   Compiling menu v0.1.0 (/Users/tgiap.dev/devs/zode/crates/menu)
   Compiling fuzzy_nucleo v0.1.0 (/Users/tgiap.dev/devs/zode/crates/fuzzy_nucleo)
   Compiling session v0.1.0 (/Users/tgiap.dev/devs/zode/crates/session)
   Compiling ui v0.1.0 (/Users/tgiap.dev/devs/zode/crates/ui)
   Compiling file_icons v0.1.0 (/Users/tgiap.dev/devs/zode/crates/file_icons)
   Compiling assets v0.1.0 (/Users/tgiap.dev/devs/zode/crates/assets)
   Compiling candle-nn v0.9.1 (https://github.com/zed-industries/candle?branch=9.1-patched#724d75eb)
   Compiling zed-reqwest v0.12.15-zed (https://github.com/zed-industries/reqwest.git?rev=c15662463bda39148ba154100dd44d3fba5873a4#c1566246)
   Compiling zeromq v0.5.0
   Compiling candle-onnx v0.9.1 (https://github.com/zed-industries/candle?branch=9.1-patched#724d75eb)
   Compiling serde_with v3.18.0
   Compiling livekit-protocol v0.7.1 (https://github.com/zed-industries/livekit-rust-sdks?rev=147fbca3d4b592d96d33f5e6a84b59fc0b5d9bf1#147fbca3)
   Compiling ui_input v0.1.0 (/Users/tgiap.dev/devs/zode/crates/ui_input)
   Compiling pet-uv v0.1.0 (https://github.com/microsoft/python-environment-tools.git?rev=9e61a22af989fe54937bf07c9f9cff1bc53d9056#9e61a22a)
   Compiling pet-homebrew v0.1.0 (https://github.com/microsoft/python-environment-tools.git?rev=9e61a22af989fe54937bf07c9f9cff1bc53d9056#9e61a22a)
   Compiling pet-pixi v0.1.0 (https://github.com/microsoft/python-environment-tools.git?rev=9e61a22af989fe54937bf07c9f9cff1bc53d9056#9e61a22a)
   Compiling pet-global-virtualenvs v0.1.0 (https://github.com/microsoft/python-environment-tools.git?rev=9e61a22af989fe54937bf07c9f9cff1bc53d9056#9e61a22a)
   Compiling pet-pyenv v0.1.0 (https://github.com/microsoft/python-environment-tools.git?rev=9e61a22af989fe54937bf07c9f9cff1bc53d9056#9e61a22a)
   Compiling pet-env-var-path v0.1.0 (https://github.com/microsoft/python-environment-tools.git?rev=9e61a22af989fe54937bf07c9f9cff1bc53d9056#9e61a22a)
   Compiling pet-poetry v0.1.0 (https://github.com/microsoft/python-environment-tools.git?rev=9e61a22af989fe54937bf07c9f9cff1bc53d9056#9e61a22a)
   Compiling pet-venv v0.1.0 (https://github.com/microsoft/python-environment-tools.git?rev=9e61a22af989fe54937bf07c9f9cff1bc53d9056#9e61a22a)
   Compiling pet-mac-xcode v0.1.0 (https://github.com/microsoft/python-environment-tools.git?rev=9e61a22af989fe54937bf07c9f9cff1bc53d9056#9e61a22a)
   Compiling pet-virtualenvwrapper v0.1.0 (https://github.com/microsoft/python-environment-tools.git?rev=9e61a22af989fe54937bf07c9f9cff1bc53d9056#9e61a22a)
   Compiling pet-linux-global-python v0.1.0 (https://github.com/microsoft/python-environment-tools.git?rev=9e61a22af989fe54937bf07c9f9cff1bc53d9056#9e61a22a)
   Compiling wasmtime-c-api-impl v36.0.6
   Compiling wiggle v36.0.6
   Compiling wasmtime-wasi-io v36.0.6
   Compiling pet-pipenv v0.1.0 (https://github.com/microsoft/python-environment-tools.git?rev=9e61a22af989fe54937bf07c9f9cff1bc53d9056#9e61a22a)
   Compiling pet-mac-python-org v0.1.0 (https://github.com/microsoft/python-environment-tools.git?rev=9e61a22af989fe54937bf07c9f9cff1bc53d9056#9e61a22a)
   Compiling tree-sitter v0.26.8
   Compiling pet-mac-commandlinetools v0.1.0 (https://github.com/microsoft/python-environment-tools.git?rev=9e61a22af989fe54937bf07c9f9cff1bc53d9056#9e61a22a)
   Compiling wasmtime-wasi v36.0.6
   Compiling pet-telemetry v0.1.0 (https://github.com/microsoft/python-environment-tools.git?rev=9e61a22af989fe54937bf07c9f9cff1bc53d9056#9e61a22a)
   Compiling cli v0.1.0 (/Users/tgiap.dev/devs/zode/crates/cli)
   Compiling settings_json v0.1.0 (/Users/tgiap.dev/devs/zode/crates/settings_json)
   Compiling settings_content v0.1.0 (/Users/tgiap.dev/devs/zode/crates/settings_content)
   Compiling language_core v0.1.0 (/Users/tgiap.dev/devs/zode/crates/language_core)
   Compiling rmcp v1.3.0
   Compiling grammars v0.1.0 (/Users/tgiap.dev/devs/zode/crates/grammars)
   Compiling plist v1.8.0
   Compiling libwebrtc v0.3.26 (https://github.com/zed-industries/livekit-rust-sdks?rev=147fbca3d4b592d96d33f5e6a84b59fc0b5d9bf1#147fbca3)
   Compiling heed v0.21.0
   Compiling gpui_macos v0.1.0 (/Users/tgiap.dev/devs/zode/crates/gpui_macos)
   Compiling pet v0.1.0 (https://github.com/microsoft/python-environment-tools.git?rev=9e61a22af989fe54937bf07c9f9cff1bc53d9056#9e61a22a)
   Compiling agent-client-protocol-schema v0.12.0
   Compiling denoise v0.1.0 (/Users/tgiap.dev/devs/zode/crates/denoise)
   Compiling runtimelib v1.4.0
   Compiling reqwest_client v0.1.0 (/Users/tgiap.dev/devs/zode/crates/reqwest_client)
   Compiling shell_command_parser v0.1.0 (/Users/tgiap.dev/devs/zode/crates/shell_command_parser)
   Compiling jupyter-websocket-client v1.1.0
   Compiling nbformat v1.2.0
   Compiling ipc-channel v0.19.0
   Compiling html_to_markdown v0.1.0 (/Users/tgiap.dev/devs/zode/crates/html_to_markdown)
   Compiling handlebars v4.5.0
   Compiling json_dotpath v1.1.0
   Compiling jsonrpcmsg v0.1.2
   Compiling zed v0.235.0 (/Users/tgiap.dev/devs/zode/crates/zed)
   Compiling agent-client-protocol v0.11.1
   Compiling gpui_platform v0.1.0 (/Users/tgiap.dev/devs/zode/crates/gpui_platform)
   Compiling input_latency_ui v0.1.0 (/Users/tgiap.dev/devs/zode/crates/input_latency_ui)
   Compiling migrator v0.1.0 (/Users/tgiap.dev/devs/zode/crates/migrator)
   Compiling settings v0.1.0 (/Users/tgiap.dev/devs/zode/crates/settings)
   Compiling language v0.1.0 (/Users/tgiap.dev/devs/zode/crates/language)
   Compiling feature_flags v0.1.0 (/Users/tgiap.dev/devs/zode/crates/feature_flags)
   Compiling theme_settings v0.1.0 (/Users/tgiap.dev/devs/zode/crates/theme_settings)
   Compiling git_hosting_providers v0.1.0 (/Users/tgiap.dev/devs/zode/crates/git_hosting_providers)
   Compiling context_server v0.1.0 (/Users/tgiap.dev/devs/zode/crates/context_server)
   Compiling remote v0.1.0 (/Users/tgiap.dev/devs/zode/crates/remote)
   Compiling terminal v0.1.0 (/Users/tgiap.dev/devs/zode/crates/terminal)
   Compiling vim_mode_setting v0.1.0 (/Users/tgiap.dev/devs/zode/crates/vim_mode_setting)
   Compiling worktree v0.1.0 (/Users/tgiap.dev/devs/zode/crates/worktree)
   Compiling buffer_diff v0.1.0 (/Users/tgiap.dev/devs/zode/crates/buffer_diff)
   Compiling markdown v0.1.0 (/Users/tgiap.dev/devs/zode/crates/markdown)
   Compiling prettier v0.1.0 (/Users/tgiap.dev/devs/zode/crates/prettier)
   Compiling multi_buffer v0.1.0 (/Users/tgiap.dev/devs/zode/crates/multi_buffer)
   Compiling client v0.1.0 (/Users/tgiap.dev/devs/zode/crates/client)
   Compiling edit_prediction_types v0.1.0 (/Users/tgiap.dev/devs/zode/crates/edit_prediction_types)
   Compiling prompt_store v0.1.0 (/Users/tgiap.dev/devs/zode/crates/prompt_store)
warning: unused import: `ResultExt`
  --> crates/client/src/user.rs:12:12
   |
12 | use util::{ResultExt, TryFutureExt as _};
   |            ^^^^^^^^^
   |
   = note: `#[warn(unused_imports)]` (part of `#[warn(unused)]`) on by default

warning: unused import: `rand::prelude`
  --> crates/client/src/client.rs:25:5
   |
25 | use rand::prelude::*;
   |     ^^^^^^^^^^^^^

warning: unused import: `AsyncReadExt`
  --> crates/client/src/client.rs:17:5
   |
17 |     AsyncReadExt, FutureExt, SinkExt, Stream, StreamExt, TryFutureExt as _, TryStreamExt,
   |     ^^^^^^^^^^^^

warning: static `ZED_RPC_URL` is never used
  --> crates/client/src/client.rs:53:8
   |
53 | static ZED_RPC_URL: LazyLock<Option<String>> = LazyLock::new(|| std::env::var("ZED_RPC_URL").ok());
   |        ^^^^^^^^^^^
   |
   = note: `#[warn(dead_code)]` (part of `#[warn(unused)]`) on by default

warning: methods `connect_with_credentials`, `set_connection`, `establish_connection`, `rpc_url`, and `establish_websocket_connection` are never used
   --> crates/client/src/client.rs:631:14
    |
385 | impl Client {
    | ----------- methods in this implementation
...
631 |     async fn connect_with_credentials(
    |              ^^^^^^^^^^^^^^^^^^^^^^^^
...
679 |     async fn set_connection(self: &Arc<Self>, conn: Connection, cx: &AsyncApp) -> Result<()> {
    |              ^^^^^^^^^^^^^^
...
763 |     fn establish_connection(
    |        ^^^^^^^^^^^^^^^^^^^^
...
776 |     fn rpc_url(
    |        ^^^^^^^
...
819 |     fn establish_websocket_connection(
    |        ^^^^^^^^^^^^^^^^^^^^^^^^^^^^^^

warning: function `connect_proxy_stream` is never used
  --> crates/client/src/proxy.rs:11:21
   |
11 | pub(crate) async fn connect_proxy_stream(
   |                     ^^^^^^^^^^^^^^^^^^^^

warning: enum `ProxyType` is never used
  --> crates/client/src/proxy.rs:37:6
   |
37 | enum ProxyType<'t> {
   |      ^^^^^^^^^

warning: function `parse_proxy_type` is never used
  --> crates/client/src/proxy.rs:42:4
   |
42 | fn parse_proxy_type(proxy: &Url) -> Option<((String, u16), ProxyType<'_>)> {
   |    ^^^^^^^^^^^^^^^^

warning: trait `AsyncReadWrite` is never used
  --> crates/client/src/proxy.rs:59:18
   |
59 | pub(crate) trait AsyncReadWrite:
   |                  ^^^^^^^^^^^^^^

warning: enum `HttpProxyType` is never used
  --> crates/client/src/proxy/http_proxy.rs:16:17
   |
16 | pub(super) enum HttpProxyType<'t> {
   |                 ^^^^^^^^^^^^^

warning: struct `HttpProxyAuthorization` is never constructed
  --> crates/client/src/proxy/http_proxy.rs:21:19
   |
21 | pub(super) struct HttpProxyAuthorization<'t> {
   |                   ^^^^^^^^^^^^^^^^^^^^^^

warning: function `parse_http_proxy` is never used
  --> crates/client/src/proxy/http_proxy.rs:26:15
   |
26 | pub(super) fn parse_http_proxy<'t>(scheme: &str, proxy: &'t Url) -> HttpProxyType<'t> {
   |               ^^^^^^^^^^^^^^^^

warning: function `connect_http_proxy_stream` is never used
  --> crates/client/src/proxy/http_proxy.rs:38:21
   |
38 | pub(crate) async fn connect_http_proxy_stream(
   |                     ^^^^^^^^^^^^^^^^^^^^^^^^^

warning: function `http_connect` is never used
  --> crates/client/src/proxy/http_proxy.rs:51:10
   |
51 | async fn http_connect<T>(
   |          ^^^^^^^^^^^^

warning: function `https_connect` is never used
  --> crates/client/src/proxy/http_proxy.rs:68:10
   |
68 | async fn https_connect<T>(
   |          ^^^^^^^^^^^^^

warning: function `make_request` is never used
   --> crates/client/src/proxy/http_proxy.rs:100:4
    |
100 | fn make_request(target: (&str, u16), auth: Option<HttpProxyAuthorization<'_>>) -> String {
    |    ^^^^^^^^^^^^

warning: function `check_response` is never used
   --> crates/client/src/proxy/http_proxy.rs:115:10
    |
115 | async fn check_response<T>(stream: &mut BufStream<T>) -> Result<()>
    |          ^^^^^^^^^^^^^^

warning: constant `MAX_RESPONSE_HEADER_LENGTH` is never used
   --> crates/client/src/proxy/http_proxy.rs:141:7
    |
141 | const MAX_RESPONSE_HEADER_LENGTH: usize = 4096;
    |       ^^^^^^^^^^^^^^^^^^^^^^^^^^

warning: constant `MAX_RESPONSE_HEADERS` is never used
   --> crates/client/src/proxy/http_proxy.rs:142:7
    |
142 | const MAX_RESPONSE_HEADERS: usize = 16;
    |       ^^^^^^^^^^^^^^^^^^^^

warning: function `recv_response` is never used
   --> crates/client/src/proxy/http_proxy.rs:144:10
    |
144 | async fn recv_response<T>(stream: &mut BufStream<T>) -> Result<String>
    |          ^^^^^^^^^^^^^

warning: struct `Socks4Identification` is never constructed
  --> crates/client/src/proxy/socks_proxy.rs:14:19
   |
14 | pub(super) struct Socks4Identification<'a> {
   |                   ^^^^^^^^^^^^^^^^^^^^

warning: struct `Socks5Authorization` is never constructed
  --> crates/client/src/proxy/socks_proxy.rs:19:19
   |
19 | pub(super) struct Socks5Authorization<'a> {
   |                   ^^^^^^^^^^^^^^^^^^^

warning: enum `SocksVersion` is never used
  --> crates/client/src/proxy/socks_proxy.rs:28:17
   |
28 | pub(super) enum SocksVersion<'a> {
   |                 ^^^^^^^^^^^^

warning: function `parse_socks_proxy` is never used
  --> crates/client/src/proxy/socks_proxy.rs:39:15
   |
39 | pub(super) fn parse_socks_proxy<'t>(scheme: &str, proxy: &'t Url) -> SocksVersion<'t> {
   |               ^^^^^^^^^^^^^^^^^

warning: function `connect_socks_proxy_stream` is never used
  --> crates/client/src/proxy/socks_proxy.rs:61:21
   |
61 | pub(super) async fn connect_socks_proxy_stream(
   |                     ^^^^^^^^^^^^^^^^^^^^^^^^^^

warning: constant `CURRENT_ORGANIZATION_ID_KEY` is never used
  --> crates/client/src/user.rs:14:7
   |
14 | const CURRENT_ORGANIZATION_ID_KEY: &str = "current_organization_id";
   |       ^^^^^^^^^^^^^^^^^^^^^^^^^^^

   Compiling zlog_settings v0.1.0 (/Users/tgiap.dev/devs/zode/crates/zlog_settings)
   Compiling dap v0.1.0 (/Users/tgiap.dev/devs/zode/crates/dap)
   Compiling system_specs v0.1.0 (/Users/tgiap.dev/devs/zode/crates/system_specs)
   Compiling audio v0.1.0 (/Users/tgiap.dev/devs/zode/crates/audio)
   Compiling extension v0.1.0 (/Users/tgiap.dev/devs/zode/crates/extension)
   Compiling dap_adapters v0.1.0 (/Users/tgiap.dev/devs/zode/crates/dap_adapters)
warning: `client` (lib) generated 26 warnings
   Compiling snippet_provider v0.1.0 (/Users/tgiap.dev/devs/zode/crates/snippet_provider)
   Compiling debug_adapter_extension v0.1.0 (/Users/tgiap.dev/devs/zode/crates/debug_adapter_extension)
   Compiling theme_extension v0.1.0 (/Users/tgiap.dev/devs/zode/crates/theme_extension)
   Compiling project v0.1.0 (/Users/tgiap.dev/devs/zode/crates/project)
warning: variant `Collab` is never constructed
   --> crates/project/src/project.rs:316:5
    |
310 | enum ProjectClientState {
    |      ------------------ variant in this enum
...
316 |     Collab {
    |     ^^^^^^
    |
    = note: `ProjectClientState` has a derived impl for the trait `Debug`, but this is intentionally ignored during dead code analysis
    = note: `#[warn(dead_code)]` (part of `#[warn(unused)]`) on by default

   Compiling workspace v0.1.0 (/Users/tgiap.dev/devs/zode/crates/workspace)
   Compiling extension_host v0.1.0 (/Users/tgiap.dev/devs/zode/crates/extension_host)
   Compiling json_schema_store v0.1.0 (/Users/tgiap.dev/devs/zode/crates/json_schema_store)
   Compiling language_extension v0.1.0 (/Users/tgiap.dev/devs/zode/crates/language_extension)
   Compiling languages v0.1.0 (/Users/tgiap.dev/devs/zode/crates/languages)
   Compiling breadcrumbs v0.1.0 (/Users/tgiap.dev/devs/zode/crates/breadcrumbs)
   Compiling picker v0.1.0 (/Users/tgiap.dev/devs/zode/crates/picker)
   Compiling command_palette_hooks v0.1.0 (/Users/tgiap.dev/devs/zode/crates/command_palette_hooks)
   Compiling notifications v0.1.0 (/Users/tgiap.dev/devs/zode/crates/notifications)
   Compiling remote_connection v0.1.0 (/Users/tgiap.dev/devs/zode/crates/remote_connection)
   Compiling editor v0.1.0 (/Users/tgiap.dev/devs/zode/crates/editor)
   Compiling panel v0.1.0 (/Users/tgiap.dev/devs/zode/crates/panel)
   Compiling platform_title_bar v0.1.0 (/Users/tgiap.dev/devs/zode/crates/platform_title_bar)
   Compiling component_preview v0.1.0 (/Users/tgiap.dev/devs/zode/crates/component_preview)
   Compiling open_path_prompt v0.1.0 (/Users/tgiap.dev/devs/zode/crates/open_path_prompt)
   Compiling command_palette v0.1.0 (/Users/tgiap.dev/devs/zode/crates/command_palette)
   Compiling dev_container v0.1.0 (/Users/tgiap.dev/devs/zode/crates/dev_container)
   Compiling which_key v0.1.0 (/Users/tgiap.dev/devs/zode/crates/which_key)
   Compiling snippets_ui v0.1.0 (/Users/tgiap.dev/devs/zode/crates/snippets_ui)
   Compiling settings_profile_selector v0.1.0 (/Users/tgiap.dev/devs/zode/crates/settings_profile_selector)
   Compiling theme_selector v0.1.0 (/Users/tgiap.dev/devs/zode/crates/theme_selector)
   Compiling onboarding v0.1.0 (/Users/tgiap.dev/devs/zode/crates/onboarding)
   Compiling feedback v0.1.0 (/Users/tgiap.dev/devs/zode/crates/feedback)
   Compiling ui_prompt v0.1.0 (/Users/tgiap.dev/devs/zode/crates/ui_prompt)
   Compiling miniprofiler_ui v0.1.0 (/Users/tgiap.dev/devs/zode/crates/miniprofiler_ui)
   Compiling install_cli v0.1.0 (/Users/tgiap.dev/devs/zode/crates/install_cli)
   Compiling svg_preview v0.1.0 (/Users/tgiap.dev/devs/zode/crates/svg_preview)
warning: `project` (lib) generated 1 warning
   Compiling search v0.1.0 (/Users/tgiap.dev/devs/zode/crates/search)
   Compiling git_ui v0.1.0 (/Users/tgiap.dev/devs/zode/crates/git_ui)
   Compiling terminal_view v0.1.0 (/Users/tgiap.dev/devs/zode/crates/terminal_view)
   Compiling tasks_ui v0.1.0 (/Users/tgiap.dev/devs/zode/crates/tasks_ui)
   Compiling debugger_tools v0.1.0 (/Users/tgiap.dev/devs/zode/crates/debugger_tools)
   Compiling outline v0.1.0 (/Users/tgiap.dev/devs/zode/crates/outline)
   Compiling recent_projects v0.1.0 (/Users/tgiap.dev/devs/zode/crates/recent_projects)
   Compiling image_viewer v0.1.0 (/Users/tgiap.dev/devs/zode/crates/image_viewer)
   Compiling journal v0.1.0 (/Users/tgiap.dev/devs/zode/crates/journal)
   Compiling go_to_line v0.1.0 (/Users/tgiap.dev/devs/zode/crates/go_to_line)
   Compiling activity_indicator v0.1.0 (/Users/tgiap.dev/devs/zode/crates/activity_indicator)
   Compiling tab_switcher v0.1.0 (/Users/tgiap.dev/devs/zode/crates/tab_switcher)
   Compiling debugger_ui v0.1.0 (/Users/tgiap.dev/devs/zode/crates/debugger_ui)
   Compiling repl v0.1.0 (/Users/tgiap.dev/devs/zode/crates/repl)
   Compiling vim v0.1.0 (/Users/tgiap.dev/devs/zode/crates/vim)
   Compiling keymap_editor v0.1.0 (/Users/tgiap.dev/devs/zode/crates/keymap_editor)
   Compiling project_panel v0.1.0 (/Users/tgiap.dev/devs/zode/crates/project_panel)
   Compiling title_bar v0.1.0 (/Users/tgiap.dev/devs/zode/crates/title_bar)
   Compiling git_graph v0.1.0 (/Users/tgiap.dev/devs/zode/crates/git_graph)
   Compiling outline_panel v0.1.0 (/Users/tgiap.dev/devs/zode/crates/outline_panel)
   Compiling file_finder v0.1.0 (/Users/tgiap.dev/devs/zode/crates/file_finder)
   Compiling settings_ui v0.1.0 (/Users/tgiap.dev/devs/zode/crates/settings_ui)
   Compiling encoding_selector v0.1.0 (/Users/tgiap.dev/devs/zode/crates/encoding_selector)
warning: multiple methods are never used
  --> crates/settings_ui/src/components/input_field.rs:41:12
   |
24 | impl SettingsInputField {
   | ----------------------- methods in this implementation
...
41 |     pub fn with_id(mut self, id: impl Into<ElementId>) -> Self {
   |            ^^^^^^^
...
64 |     pub fn display_confirm_button(mut self) -> Self {
   |            ^^^^^^^^^^^^^^^^^^^^^^
...
69 |     pub fn display_clear_button(mut self) -> Self {
   |            ^^^^^^^^^^^^^^^^^^^^
...
74 |     pub fn clear_on_confirm(mut self) -> Self {
   |            ^^^^^^^^^^^^^^^^
...
79 |     pub fn action_slot(mut self, action: impl IntoElement) -> Self {
   |            ^^^^^^^^^^^
...
89 |     pub fn with_buffer_font(mut self) -> Self {
   |            ^^^^^^^^^^^^^^^^
...
94 |     pub fn color(mut self, color: Color) -> Self {
   |            ^^^^^
   |
   = note: `#[warn(dead_code)]` (part of `#[warn(unused)]`) on by default

warning: methods `icon` and `no_padding` are never used
  --> crates/settings_ui/src/components/section_items.rs:20:12
   |
11 | impl SettingsSectionHeader {
   | -------------------------- methods in this implementation
...
20 |     pub fn icon(mut self, icon: IconName) -> Self {
   |            ^^^^
...
25 |     pub fn no_padding(mut self, no_padding: bool) -> Self {
   |            ^^^^^^^^^^

   Compiling inspector_ui v0.1.0 (/Users/tgiap.dev/devs/zode/crates/inspector_ui)
   Compiling extensions_ui v0.1.0 (/Users/tgiap.dev/devs/zode/crates/extensions_ui)
   Compiling language_tools v0.1.0 (/Users/tgiap.dev/devs/zode/crates/language_tools)
   Compiling diagnostics v0.1.0 (/Users/tgiap.dev/devs/zode/crates/diagnostics)
   Compiling project_symbols v0.1.0 (/Users/tgiap.dev/devs/zode/crates/project_symbols)
   Compiling line_ending_selector v0.1.0 (/Users/tgiap.dev/devs/zode/crates/line_ending_selector)
   Compiling csv_preview v0.1.0 (/Users/tgiap.dev/devs/zode/crates/csv_preview)
   Compiling language_onboarding v0.1.0 (/Users/tgiap.dev/devs/zode/crates/language_onboarding)
   Compiling toolchain_selector v0.1.0 (/Users/tgiap.dev/devs/zode/crates/toolchain_selector)
   Compiling markdown_preview v0.1.0 (/Users/tgiap.dev/devs/zode/crates/markdown_preview)
   Compiling language_selector v0.1.0 (/Users/tgiap.dev/devs/zode/crates/language_selector)
warning: `settings_ui` (lib) generated 2 warnings
    Finished `dev` profile [unoptimized + debuginfo] target(s) in 3m 32s
     Running `target/debug/zed --dump-all-actions`
