warning: unused import: `ResultExt`
  --> crates/client/src/user.rs:12:12
   |
12 | use util::{ResultExt, TryFutureExt as _};
   |            ^^^^^^^^^
   |
   = note: `#[warn(unused_imports)]` (part of `#[warn(unused)]`) on by default

warning: unused import: `rand::prelude`
  --> crates/client/src/client.rs:22:5
   |
22 | use rand::prelude::*;
   |     ^^^^^^^^^^^^^

warning: unused import: `AsyncReadExt`
  --> crates/client/src/client.rs:14:5
   |
14 |     AsyncReadExt, FutureExt, SinkExt, Stream, StreamExt, TryFutureExt as _, TryStreamExt,
   |     ^^^^^^^^^^^^

warning: static `ZED_RPC_URL` is never used
  --> crates/client/src/client.rs:50:8
   |
50 | static ZED_RPC_URL: LazyLock<Option<String>> = LazyLock::new(|| std::env::var("ZED_RPC_URL").ok());
   |        ^^^^^^^^^^^
   |
   = note: `#[warn(dead_code)]` (part of `#[warn(unused)]`) on by default

warning: methods `connect_with_credentials`, `set_connection`, `establish_connection`, `rpc_url`, and `establish_websocket_connection` are never used
   --> crates/client/src/client.rs:628:14
    |
382 | impl Client {
    | ----------- methods in this implementation
...
628 |     async fn connect_with_credentials(
    |              ^^^^^^^^^^^^^^^^^^^^^^^^
...
676 |     async fn set_connection(self: &Arc<Self>, conn: Connection, cx: &AsyncApp) -> Result<()> {
    |              ^^^^^^^^^^^^^^
...
760 |     fn establish_connection(
    |        ^^^^^^^^^^^^^^^^^^^^
...
773 |     fn rpc_url(
    |        ^^^^^^^
...
816 |     fn establish_websocket_connection(
    |        ^^^^^^^^^^^^^^^^^^^^^^^^^^^^^^

warning: function `connect_proxy_stream` is never used
  --> crates/client/src/proxy.rs:11:21
   |
11 | pub(crate) async fn connect_proxy_stream(
   |                     ^^^^^^^^^^^^^^^^^^^^

warning: enum `ProxyType` is never used
  --> crates/client/src/proxy.rs:37:6
   |
37 | enum ProxyType<'t> {
   |      ^^^^^^^^^

warning: function `parse_proxy_type` is never used
  --> crates/client/src/proxy.rs:42:4
   |
42 | fn parse_proxy_type(proxy: &Url) -> Option<((String, u16), ProxyType<'_>)> {
   |    ^^^^^^^^^^^^^^^^

warning: trait `AsyncReadWrite` is never used
  --> crates/client/src/proxy.rs:59:18
   |
59 | pub(crate) trait AsyncReadWrite:
   |                  ^^^^^^^^^^^^^^

warning: enum `HttpProxyType` is never used
  --> crates/client/src/proxy/http_proxy.rs:16:17
   |
16 | pub(super) enum HttpProxyType<'t> {
   |                 ^^^^^^^^^^^^^

warning: struct `HttpProxyAuthorization` is never constructed
  --> crates/client/src/proxy/http_proxy.rs:21:19
   |
21 | pub(super) struct HttpProxyAuthorization<'t> {
   |                   ^^^^^^^^^^^^^^^^^^^^^^

warning: function `parse_http_proxy` is never used
  --> crates/client/src/proxy/http_proxy.rs:26:15
   |
26 | pub(super) fn parse_http_proxy<'t>(scheme: &str, proxy: &'t Url) -> HttpProxyType<'t> {
   |               ^^^^^^^^^^^^^^^^

warning: function `connect_http_proxy_stream` is never used
  --> crates/client/src/proxy/http_proxy.rs:38:21
   |
38 | pub(crate) async fn connect_http_proxy_stream(
   |                     ^^^^^^^^^^^^^^^^^^^^^^^^^

warning: function `http_connect` is never used
  --> crates/client/src/proxy/http_proxy.rs:51:10
   |
51 | async fn http_connect<T>(
   |          ^^^^^^^^^^^^

warning: function `https_connect` is never used
  --> crates/client/src/proxy/http_proxy.rs:68:10
   |
68 | async fn https_connect<T>(
   |          ^^^^^^^^^^^^^

warning: function `make_request` is never used
   --> crates/client/src/proxy/http_proxy.rs:100:4
    |
100 | fn make_request(target: (&str, u16), auth: Option<HttpProxyAuthorization<'_>>) -> String {
    |    ^^^^^^^^^^^^

warning: function `check_response` is never used
   --> crates/client/src/proxy/http_proxy.rs:115:10
    |
115 | async fn check_response<T>(stream: &mut BufStream<T>) -> Result<()>
    |          ^^^^^^^^^^^^^^

warning: constant `MAX_RESPONSE_HEADER_LENGTH` is never used
   --> crates/client/src/proxy/http_proxy.rs:141:7
    |
141 | const MAX_RESPONSE_HEADER_LENGTH: usize = 4096;
    |       ^^^^^^^^^^^^^^^^^^^^^^^^^^

warning: constant `MAX_RESPONSE_HEADERS` is never used
   --> crates/client/src/proxy/http_proxy.rs:142:7
    |
142 | const MAX_RESPONSE_HEADERS: usize = 16;
    |       ^^^^^^^^^^^^^^^^^^^^

warning: function `recv_response` is never used
   --> crates/client/src/proxy/http_proxy.rs:144:10
    |
144 | async fn recv_response<T>(stream: &mut BufStream<T>) -> Result<String>
    |          ^^^^^^^^^^^^^

warning: struct `Socks4Identification` is never constructed
  --> crates/client/src/proxy/socks_proxy.rs:14:19
   |
14 | pub(super) struct Socks4Identification<'a> {
   |                   ^^^^^^^^^^^^^^^^^^^^

warning: struct `Socks5Authorization` is never constructed
  --> crates/client/src/proxy/socks_proxy.rs:19:19
   |
19 | pub(super) struct Socks5Authorization<'a> {
   |                   ^^^^^^^^^^^^^^^^^^^

warning: enum `SocksVersion` is never used
  --> crates/client/src/proxy/socks_proxy.rs:28:17
   |
28 | pub(super) enum SocksVersion<'a> {
   |                 ^^^^^^^^^^^^

warning: function `parse_socks_proxy` is never used
  --> crates/client/src/proxy/socks_proxy.rs:39:15
   |
39 | pub(super) fn parse_socks_proxy<'t>(scheme: &str, proxy: &'t Url) -> SocksVersion<'t> {
   |               ^^^^^^^^^^^^^^^^^

warning: function `connect_socks_proxy_stream` is never used
  --> crates/client/src/proxy/socks_proxy.rs:61:21
   |
61 | pub(super) async fn connect_socks_proxy_stream(
   |                     ^^^^^^^^^^^^^^^^^^^^^^^^^^

warning: constant `CURRENT_ORGANIZATION_ID_KEY` is never used
  --> crates/client/src/user.rs:14:7
   |
14 | const CURRENT_ORGANIZATION_ID_KEY: &str = "current_organization_id";
   |       ^^^^^^^^^^^^^^^^^^^^^^^^^^^

warning: `client` (lib) generated 26 warnings
warning: multiple methods are never used
  --> crates/settings_ui/src/components/input_field.rs:41:12
   |
24 | impl SettingsInputField {
   | ----------------------- methods in this implementation
...
41 |     pub fn with_id(mut self, id: impl Into<ElementId>) -> Self {
   |            ^^^^^^^
...
64 |     pub fn display_confirm_button(mut self) -> Self {
   |            ^^^^^^^^^^^^^^^^^^^^^^
...
69 |     pub fn display_clear_button(mut self) -> Self {
   |            ^^^^^^^^^^^^^^^^^^^^
...
74 |     pub fn clear_on_confirm(mut self) -> Self {
   |            ^^^^^^^^^^^^^^^^
...
79 |     pub fn action_slot(mut self, action: impl IntoElement) -> Self {
   |            ^^^^^^^^^^^
...
89 |     pub fn with_buffer_font(mut self) -> Self {
   |            ^^^^^^^^^^^^^^^^
...
94 |     pub fn color(mut self, color: Color) -> Self {
   |            ^^^^^
   |
   = note: `#[warn(dead_code)]` (part of `#[warn(unused)]`) on by default

warning: methods `icon` and `no_padding` are never used
  --> crates/settings_ui/src/components/section_items.rs:20:12
   |
11 | impl SettingsSectionHeader {
   | -------------------------- methods in this implementation
...
20 |     pub fn icon(mut self, icon: IconName) -> Self {
   |            ^^^^
...
25 |     pub fn no_padding(mut self, no_padding: bool) -> Self {
   |            ^^^^^^^^^^

warning: `settings_ui` (lib) generated 2 warnings
warning: unused import: `prompt_store::PromptBuilder`
    --> crates/zed/src/zed.rs:2267:9
     |
2267 |     use prompt_store::PromptBuilder;
     |         ^^^^^^^^^^^^^^^^^^^^^^^^^^^
     |
     = note: `#[warn(unused_imports)]` (part of `#[warn(unused)]`) on by default

warning: `zed` (bin "zed" test) generated 1 warning (run `cargo fix --bin "zed" -p zed --tests` to apply 1 suggestion)
warning: `settings_ui` (lib test) generated 2 warnings (2 duplicates)
warning: field `0` is never read
  --> crates/client/src/proxy/http_proxy.rs:18:11
   |
18 |     HTTPS(Option<HttpProxyAuthorization<'t>>),
   |     ----- ^^^^^^^^^^^^^^^^^^^^^^^^^^^^^^^^^^
   |     |
   |     field in this variant
   |
help: consider changing the field to be of unit type to suppress this warning while preserving the field numbering, or remove the field
   |
18 -     HTTPS(Option<HttpProxyAuthorization<'t>>),
18 +     HTTPS(()),
   |

warning: `client` (lib test) generated 20 warnings (19 duplicates)
    Finished `test` profile [unoptimized + debuginfo] target(s) in 1.87s
