   Compiling settings_content v0.1.0 (/Users/tgiap.dev/devs/zode/crates/settings_content)
   Compiling icons v0.1.0 (/Users/tgiap.dev/devs/zode/crates/icons)
   Compiling assets v0.1.0 (/Users/tgiap.dev/devs/zode/crates/assets)
   Compiling cli v0.1.0 (/Users/tgiap.dev/devs/zode/crates/cli)
   Compiling zed v0.235.0 (/Users/tgiap.dev/devs/zode/crates/zed)
   Compiling ui v0.1.0 (/Users/tgiap.dev/devs/zode/crates/ui)
   Compiling ui_input v0.1.0 (/Users/tgiap.dev/devs/zode/crates/ui_input)
   Compiling migrator v0.1.0 (/Users/tgiap.dev/devs/zode/crates/migrator)
   Compiling settings v0.1.0 (/Users/tgiap.dev/devs/zode/crates/settings)
   Compiling language v0.1.0 (/Users/tgiap.dev/devs/zode/crates/language)
   Compiling feature_flags v0.1.0 (/Users/tgiap.dev/devs/zode/crates/feature_flags)
   Compiling theme_settings v0.1.0 (/Users/tgiap.dev/devs/zode/crates/theme_settings)
   Compiling context_server v0.1.0 (/Users/tgiap.dev/devs/zode/crates/context_server)
   Compiling git_hosting_providers v0.1.0 (/Users/tgiap.dev/devs/zode/crates/git_hosting_providers)
   Compiling remote v0.1.0 (/Users/tgiap.dev/devs/zode/crates/remote)
   Compiling vim_mode_setting v0.1.0 (/Users/tgiap.dev/devs/zode/crates/vim_mode_setting)
   Compiling zlog_settings v0.1.0 (/Users/tgiap.dev/devs/zode/crates/zlog_settings)
   Compiling audio v0.1.0 (/Users/tgiap.dev/devs/zode/crates/audio)
   Compiling terminal v0.1.0 (/Users/tgiap.dev/devs/zode/crates/terminal)
   Compiling worktree v0.1.0 (/Users/tgiap.dev/devs/zode/crates/worktree)
   Compiling buffer_diff v0.1.0 (/Users/tgiap.dev/devs/zode/crates/buffer_diff)
   Compiling prettier v0.1.0 (/Users/tgiap.dev/devs/zode/crates/prettier)
   Compiling markdown v0.1.0 (/Users/tgiap.dev/devs/zode/crates/markdown)
   Compiling edit_prediction_types v0.1.0 (/Users/tgiap.dev/devs/zode/crates/edit_prediction_types)
   Compiling prompt_store v0.1.0 (/Users/tgiap.dev/devs/zode/crates/prompt_store)
   Compiling multi_buffer v0.1.0 (/Users/tgiap.dev/devs/zode/crates/multi_buffer)
   Compiling client v0.1.0 (/Users/tgiap.dev/devs/zode/crates/client)
warning: unused import: `ResultExt`
  --> crates/client/src/user.rs:12:12
   |
12 | use util::{ResultExt, TryFutureExt as _};
   |            ^^^^^^^^^
   |
   = note: `#[warn(unused_imports)]` (part of `#[warn(unused)]`) on by default

warning: unused import: `rand::prelude`
  --> crates/client/src/client.rs:25:5
   |
25 | use rand::prelude::*;
   |     ^^^^^^^^^^^^^

warning: unused import: `AsyncReadExt`
  --> crates/client/src/client.rs:17:5
   |
17 |     AsyncReadExt, FutureExt, SinkExt, Stream, StreamExt, TryFutureExt as _, TryStreamExt,
   |     ^^^^^^^^^^^^

warning: static `ZED_RPC_URL` is never used
  --> crates/client/src/client.rs:53:8
   |
53 | static ZED_RPC_URL: LazyLock<Option<String>> = LazyLock::new(|| std::env::var("ZED_RPC_URL").ok());
   |        ^^^^^^^^^^^
   |
   = note: `#[warn(dead_code)]` (part of `#[warn(unused)]`) on by default

warning: methods `connect_with_credentials`, `set_connection`, `establish_connection`, `rpc_url`, and `establish_websocket_connection` are never used
   --> crates/client/src/client.rs:631:14
    |
385 | impl Client {
    | ----------- methods in this implementation
...
631 |     async fn connect_with_credentials(
    |              ^^^^^^^^^^^^^^^^^^^^^^^^
...
679 |     async fn set_connection(self: &Arc<Self>, conn: Connection, cx: &AsyncApp) -> Result<()> {
    |              ^^^^^^^^^^^^^^
...
763 |     fn establish_connection(
    |        ^^^^^^^^^^^^^^^^^^^^
...
776 |     fn rpc_url(
    |        ^^^^^^^
...
819 |     fn establish_websocket_connection(
    |        ^^^^^^^^^^^^^^^^^^^^^^^^^^^^^^

warning: function `connect_proxy_stream` is never used
  --> crates/client/src/proxy.rs:11:21
   |
11 | pub(crate) async fn connect_proxy_stream(
   |                     ^^^^^^^^^^^^^^^^^^^^

warning: enum `ProxyType` is never used
  --> crates/client/src/proxy.rs:37:6
   |
37 | enum ProxyType<'t> {
   |      ^^^^^^^^^

warning: function `parse_proxy_type` is never used
  --> crates/client/src/proxy.rs:42:4
   |
42 | fn parse_proxy_type(proxy: &Url) -> Option<((String, u16), ProxyType<'_>)> {
   |    ^^^^^^^^^^^^^^^^

warning: trait `AsyncReadWrite` is never used
  --> crates/client/src/proxy.rs:59:18
   |
59 | pub(crate) trait AsyncReadWrite:
   |                  ^^^^^^^^^^^^^^

warning: enum `HttpProxyType` is never used
  --> crates/client/src/proxy/http_proxy.rs:16:17
   |
16 | pub(super) enum HttpProxyType<'t> {
   |                 ^^^^^^^^^^^^^

warning: struct `HttpProxyAuthorization` is never constructed
  --> crates/client/src/proxy/http_proxy.rs:21:19
   |
21 | pub(super) struct HttpProxyAuthorization<'t> {
   |                   ^^^^^^^^^^^^^^^^^^^^^^

warning: function `parse_http_proxy` is never used
  --> crates/client/src/proxy/http_proxy.rs:26:15
   |
26 | pub(super) fn parse_http_proxy<'t>(scheme: &str, proxy: &'t Url) -> HttpProxyType<'t> {
   |               ^^^^^^^^^^^^^^^^

warning: function `connect_http_proxy_stream` is never used
  --> crates/client/src/proxy/http_proxy.rs:38:21
   |
38 | pub(crate) async fn connect_http_proxy_stream(
   |                     ^^^^^^^^^^^^^^^^^^^^^^^^^

warning: function `http_connect` is never used
  --> crates/client/src/proxy/http_proxy.rs:51:10
   |
51 | async fn http_connect<T>(
   |          ^^^^^^^^^^^^

warning: function `https_connect` is never used
  --> crates/client/src/proxy/http_proxy.rs:68:10
   |
68 | async fn https_connect<T>(
   |          ^^^^^^^^^^^^^

warning: function `make_request` is never used
   --> crates/client/src/proxy/http_proxy.rs:100:4
    |
100 | fn make_request(target: (&str, u16), auth: Option<HttpProxyAuthorization<'_>>) -> String {
    |    ^^^^^^^^^^^^

warning: function `check_response` is never used
   --> crates/client/src/proxy/http_proxy.rs:115:10
    |
115 | async fn check_response<T>(stream: &mut BufStream<T>) -> Result<()>
    |          ^^^^^^^^^^^^^^

warning: constant `MAX_RESPONSE_HEADER_LENGTH` is never used
   --> crates/client/src/proxy/http_proxy.rs:141:7
    |
141 | const MAX_RESPONSE_HEADER_LENGTH: usize = 4096;
    |       ^^^^^^^^^^^^^^^^^^^^^^^^^^

warning: constant `MAX_RESPONSE_HEADERS` is never used
   --> crates/client/src/proxy/http_proxy.rs:142:7
    |
142 | const MAX_RESPONSE_HEADERS: usize = 16;
    |       ^^^^^^^^^^^^^^^^^^^^

warning: function `recv_response` is never used
   --> crates/client/src/proxy/http_proxy.rs:144:10
    |
144 | async fn recv_response<T>(stream: &mut BufStream<T>) -> Result<String>
    |          ^^^^^^^^^^^^^

warning: struct `Socks4Identification` is never constructed
  --> crates/client/src/proxy/socks_proxy.rs:14:19
   |
14 | pub(super) struct Socks4Identification<'a> {
   |                   ^^^^^^^^^^^^^^^^^^^^

warning: struct `Socks5Authorization` is never constructed
  --> crates/client/src/proxy/socks_proxy.rs:19:19
   |
19 | pub(super) struct Socks5Authorization<'a> {
   |                   ^^^^^^^^^^^^^^^^^^^

warning: enum `SocksVersion` is never used
  --> crates/client/src/proxy/socks_proxy.rs:28:17
   |
28 | pub(super) enum SocksVersion<'a> {
   |                 ^^^^^^^^^^^^

warning: function `parse_socks_proxy` is never used
  --> crates/client/src/proxy/socks_proxy.rs:39:15
   |
39 | pub(super) fn parse_socks_proxy<'t>(scheme: &str, proxy: &'t Url) -> SocksVersion<'t> {
   |               ^^^^^^^^^^^^^^^^^

warning: function `connect_socks_proxy_stream` is never used
  --> crates/client/src/proxy/socks_proxy.rs:61:21
   |
61 | pub(super) async fn connect_socks_proxy_stream(
   |                     ^^^^^^^^^^^^^^^^^^^^^^^^^^

warning: constant `CURRENT_ORGANIZATION_ID_KEY` is never used
  --> crates/client/src/user.rs:14:7
   |
14 | const CURRENT_ORGANIZATION_ID_KEY: &str = "current_organization_id";
   |       ^^^^^^^^^^^^^^^^^^^^^^^^^^^

   Compiling dap v0.1.0 (/Users/tgiap.dev/devs/zode/crates/dap)
   Compiling system_specs v0.1.0 (/Users/tgiap.dev/devs/zode/crates/system_specs)
warning: `client` (lib) generated 26 warnings
   Compiling extension v0.1.0 (/Users/tgiap.dev/devs/zode/crates/extension)
   Compiling dap_adapters v0.1.0 (/Users/tgiap.dev/devs/zode/crates/dap_adapters)
   Compiling snippet_provider v0.1.0 (/Users/tgiap.dev/devs/zode/crates/snippet_provider)
   Compiling theme_extension v0.1.0 (/Users/tgiap.dev/devs/zode/crates/theme_extension)
   Compiling debug_adapter_extension v0.1.0 (/Users/tgiap.dev/devs/zode/crates/debug_adapter_extension)
   Compiling project v0.1.0 (/Users/tgiap.dev/devs/zode/crates/project)
warning: variant `Collab` is never constructed
   --> crates/project/src/project.rs:316:5
    |
310 | enum ProjectClientState {
    |      ------------------ variant in this enum
...
316 |     Collab {
    |     ^^^^^^
    |
    = note: `ProjectClientState` has a derived impl for the trait `Debug`, but this is intentionally ignored during dead code analysis
    = note: `#[warn(dead_code)]` (part of `#[warn(unused)]`) on by default

   Compiling workspace v0.1.0 (/Users/tgiap.dev/devs/zode/crates/workspace)
   Compiling extension_host v0.1.0 (/Users/tgiap.dev/devs/zode/crates/extension_host)
   Compiling json_schema_store v0.1.0 (/Users/tgiap.dev/devs/zode/crates/json_schema_store)
   Compiling language_extension v0.1.0 (/Users/tgiap.dev/devs/zode/crates/language_extension)
   Compiling languages v0.1.0 (/Users/tgiap.dev/devs/zode/crates/languages)
   Compiling breadcrumbs v0.1.0 (/Users/tgiap.dev/devs/zode/crates/breadcrumbs)
   Compiling picker v0.1.0 (/Users/tgiap.dev/devs/zode/crates/picker)
   Compiling command_palette_hooks v0.1.0 (/Users/tgiap.dev/devs/zode/crates/command_palette_hooks)
   Compiling notifications v0.1.0 (/Users/tgiap.dev/devs/zode/crates/notifications)
   Compiling remote_connection v0.1.0 (/Users/tgiap.dev/devs/zode/crates/remote_connection)
   Compiling panel v0.1.0 (/Users/tgiap.dev/devs/zode/crates/panel)
   Compiling editor v0.1.0 (/Users/tgiap.dev/devs/zode/crates/editor)
   Compiling platform_title_bar v0.1.0 (/Users/tgiap.dev/devs/zode/crates/platform_title_bar)
   Compiling component_preview v0.1.0 (/Users/tgiap.dev/devs/zode/crates/component_preview)
   Compiling miniprofiler_ui v0.1.0 (/Users/tgiap.dev/devs/zode/crates/miniprofiler_ui)
   Compiling open_path_prompt v0.1.0 (/Users/tgiap.dev/devs/zode/crates/open_path_prompt)
   Compiling command_palette v0.1.0 (/Users/tgiap.dev/devs/zode/crates/command_palette)
   Compiling dev_container v0.1.0 (/Users/tgiap.dev/devs/zode/crates/dev_container)
   Compiling which_key v0.1.0 (/Users/tgiap.dev/devs/zode/crates/which_key)
   Compiling feedback v0.1.0 (/Users/tgiap.dev/devs/zode/crates/feedback)
   Compiling snippets_ui v0.1.0 (/Users/tgiap.dev/devs/zode/crates/snippets_ui)
   Compiling theme_selector v0.1.0 (/Users/tgiap.dev/devs/zode/crates/theme_selector)
   Compiling settings_profile_selector v0.1.0 (/Users/tgiap.dev/devs/zode/crates/settings_profile_selector)
   Compiling onboarding v0.1.0 (/Users/tgiap.dev/devs/zode/crates/onboarding)
   Compiling svg_preview v0.1.0 (/Users/tgiap.dev/devs/zode/crates/svg_preview)
   Compiling install_cli v0.1.0 (/Users/tgiap.dev/devs/zode/crates/install_cli)
   Compiling ui_prompt v0.1.0 (/Users/tgiap.dev/devs/zode/crates/ui_prompt)
   Compiling search v0.1.0 (/Users/tgiap.dev/devs/zode/crates/search)
   Compiling git_ui v0.1.0 (/Users/tgiap.dev/devs/zode/crates/git_ui)
   Compiling terminal_view v0.1.0 (/Users/tgiap.dev/devs/zode/crates/terminal_view)
   Compiling debugger_tools v0.1.0 (/Users/tgiap.dev/devs/zode/crates/debugger_tools)
   Compiling recent_projects v0.1.0 (/Users/tgiap.dev/devs/zode/crates/recent_projects)
   Compiling tasks_ui v0.1.0 (/Users/tgiap.dev/devs/zode/crates/tasks_ui)
   Compiling outline v0.1.0 (/Users/tgiap.dev/devs/zode/crates/outline)
   Compiling settings_ui v0.1.0 (/Users/tgiap.dev/devs/zode/crates/settings_ui)
   Compiling keymap_editor v0.1.0 (/Users/tgiap.dev/devs/zode/crates/keymap_editor)
   Compiling debugger_ui v0.1.0 (/Users/tgiap.dev/devs/zode/crates/debugger_ui)
   Compiling repl v0.1.0 (/Users/tgiap.dev/devs/zode/crates/repl)
warning: multiple methods are never used
  --> crates/settings_ui/src/components/input_field.rs:41:12
   |
24 | impl SettingsInputField {
   | ----------------------- methods in this implementation
...
41 |     pub fn with_id(mut self, id: impl Into<ElementId>) -> Self {
   |            ^^^^^^^
...
64 |     pub fn display_confirm_button(mut self) -> Self {
   |            ^^^^^^^^^^^^^^^^^^^^^^
...
69 |     pub fn display_clear_button(mut self) -> Self {
   |            ^^^^^^^^^^^^^^^^^^^^
...
74 |     pub fn clear_on_confirm(mut self) -> Self {
   |            ^^^^^^^^^^^^^^^^
...
79 |     pub fn action_slot(mut self, action: impl IntoElement) -> Self {
   |            ^^^^^^^^^^^
...
89 |     pub fn with_buffer_font(mut self) -> Self {
   |            ^^^^^^^^^^^^^^^^
...
94 |     pub fn color(mut self, color: Color) -> Self {
   |            ^^^^^
   |
   = note: `#[warn(dead_code)]` (part of `#[warn(unused)]`) on by default

warning: methods `icon` and `no_padding` are never used
  --> crates/settings_ui/src/components/section_items.rs:20:12
   |
11 | impl SettingsSectionHeader {
   | -------------------------- methods in this implementation
...
20 |     pub fn icon(mut self, icon: IconName) -> Self {
   |            ^^^^
...
25 |     pub fn no_padding(mut self, no_padding: bool) -> Self {
   |            ^^^^^^^^^^

warning: `project` (lib) generated 1 warning
   Compiling vim v0.1.0 (/Users/tgiap.dev/devs/zode/crates/vim)
   Compiling project_panel v0.1.0 (/Users/tgiap.dev/devs/zode/crates/project_panel)
   Compiling title_bar v0.1.0 (/Users/tgiap.dev/devs/zode/crates/title_bar)
   Compiling git_graph v0.1.0 (/Users/tgiap.dev/devs/zode/crates/git_graph)
   Compiling file_finder v0.1.0 (/Users/tgiap.dev/devs/zode/crates/file_finder)
   Compiling outline_panel v0.1.0 (/Users/tgiap.dev/devs/zode/crates/outline_panel)
   Compiling inspector_ui v0.1.0 (/Users/tgiap.dev/devs/zode/crates/inspector_ui)
   Compiling image_viewer v0.1.0 (/Users/tgiap.dev/devs/zode/crates/image_viewer)
   Compiling journal v0.1.0 (/Users/tgiap.dev/devs/zode/crates/journal)
   Compiling encoding_selector v0.1.0 (/Users/tgiap.dev/devs/zode/crates/encoding_selector)
   Compiling diagnostics v0.1.0 (/Users/tgiap.dev/devs/zode/crates/diagnostics)
   Compiling extensions_ui v0.1.0 (/Users/tgiap.dev/devs/zode/crates/extensions_ui)
   Compiling project_symbols v0.1.0 (/Users/tgiap.dev/devs/zode/crates/project_symbols)
   Compiling toolchain_selector v0.1.0 (/Users/tgiap.dev/devs/zode/crates/toolchain_selector)
   Compiling tab_switcher v0.1.0 (/Users/tgiap.dev/devs/zode/crates/tab_switcher)
   Compiling language_tools v0.1.0 (/Users/tgiap.dev/devs/zode/crates/language_tools)
   Compiling language_onboarding v0.1.0 (/Users/tgiap.dev/devs/zode/crates/language_onboarding)
   Compiling language_selector v0.1.0 (/Users/tgiap.dev/devs/zode/crates/language_selector)
   Compiling csv_preview v0.1.0 (/Users/tgiap.dev/devs/zode/crates/csv_preview)
   Compiling go_to_line v0.1.0 (/Users/tgiap.dev/devs/zode/crates/go_to_line)
   Compiling activity_indicator v0.1.0 (/Users/tgiap.dev/devs/zode/crates/activity_indicator)
   Compiling markdown_preview v0.1.0 (/Users/tgiap.dev/devs/zode/crates/markdown_preview)
   Compiling line_ending_selector v0.1.0 (/Users/tgiap.dev/devs/zode/crates/line_ending_selector)
warning: `settings_ui` (lib) generated 2 warnings
    Finished `dev` profile [unoptimized + debuginfo] target(s) in 1m 48s
     Running `target/debug/zed --dump-all-actions`
